// Jest Snapshot v1, https://goo.gl/fbAQLP

exports[`sql: correctly generates seed data 1`] = `
Array [
  Object {
    "animal": "Dog",
    "id": "70c6744ccba25f4c8a060dac0",
    "name": "ro",
  },
  Object {
    "animal": "Dog",
    "id": "e0fd2b7413045a84aba00471e",
    "name": "pub",
  },
  Object {
    "animal": "Dog",
    "id": "ec57e13d4ca057209469b4d3a",
    "name": "luhredad",
  },
  Object {
    "id": "171deaa8666754b989882fbbf",
    "name": "rij",
    "price": -685278096261.12,
  },
  Object {
    "id": "8763d7e2361b52bd92f469cd4",
    "name": "vaopu",
    "price": -368153618861.2608,
  },
  Object {
    "id": "827dc199f7b95f9ba1a88eac3",
    "name": "ofhi",
    "price": 104667262065.0496,
  },
  Object {
    "address": "zeholip",
    "id": "fb0e0de66ece5ae48aae95d5c",
    "numberOfRooms": 2076286561,
  },
  Object {
    "address": "om",
    "id": "38b78cf36a8455da8df5c0611",
    "numberOfRooms": 1620660189,
  },
  Object {
    "address": "vonlavub",
    "id": "d5c80333d0b05399aef689891",
    "numberOfRooms": -928052335,
  },
  Object {
    "email": "wi",
    "id": "326250dcad2f56f595e4b3f5e",
    "isActive": true,
    "name": "titpoviv",
    "pet": Object {
      "connect": Object {
        "id": "70c6744ccba25f4c8a060dac0",
      },
    },
  },
  Object {
    "email": "ihera",
    "id": "c0020e996a09513098be1d8ef",
    "isActive": false,
    "name": "sactolag",
    "pet": Object {
      "connect": Object {
        "id": "e0fd2b7413045a84aba00471e",
      },
    },
  },
]
`;
