// Jest Snapshot v1, https://goo.gl/fbAQLP

exports[`typings: correctly errors on missing datasources 1`] = `"No defined datasource!"`;

exports[`typings: generates correct mysql pool type 1`] = `"getMySQLPool"`;

exports[`typings: generates correct postgresql pool type 1`] = `"getPostgreSQLPool"`;

exports[`typings: generates correct sqlite pool type 1`] = `"getSQLitePool"`;

exports[`typings: generates seed types correctly 1`] = `
"\\"*\\": { amount: number }
User: { 
  amount?: number, 
  factory?: {
    id?: () => string
name?: () => string
email?: () => string
isActive?: () => boolean
friends?: { min?: number, max?: number } 
  }
}
Pet: { 
  amount?: number, 
  factory: {
    id?: () => string
name?: () => string
animal: () => \\"Dog\\" | \\"Cat\\" | \\"Dinosaur\\"
toys?: { min?: number, max?: number } 
  }
}
Toy: { 
  amount?: number, 
  factory?: {
    id?: () => string
name?: () => string
price?: () => number 
  }
}
House: { 
  amount?: number, 
  factory?: {
    id?: () => string
address?: () => string
numberOfRooms?: () => number
residents?: { min?: number, max?: number } 
  }
}"
`;
