// Jest Snapshot v1, https://goo.gl/fbAQLP

exports[`typings: generates correct mysql pool type 1`] = `"getMySQLPool"`;

exports[`typings: generates correct postgresql pool type 1`] = `"getPostgreSQLPool"`;

exports[`typings: generates correct sqlite pool type 1`] = `"getSQLitePool"`;

exports[`typings: generates seed types correctly 1`] = `
"\\"*\\": { amount: number }
User?: { 
  amount?: number, 
  factory?: {
    id?: string | (() => string)
name?: string | (() => string)
email?: string | (() => string)
isActive?: boolean | (() => boolean)
friends?: { min?: number, max?: number } 
  }
}
Pet: { 
  amount?: number, 
  factory: {
    id?: string | (() => string)
name?: string | (() => string)
animal: (\\"Dog\\" | \\"Cat\\" | \\"Dinosaur\\") | (() => \\"Dog\\" | \\"Cat\\" | \\"Dinosaur\\")
toys?: { min?: number, max?: number } 
  }
}
Toy?: { 
  amount?: number, 
  factory?: {
    id?: string | (() => string)
name?: string | (() => string)
price?: number | (() => number) 
  }
}
House?: { 
  amount?: number, 
  factory?: {
    id?: string | (() => string)
address?: string | (() => string)
numberOfRooms?: number | (() => number)
residents?: { min?: number, max?: number } 
  }
}"
`;
