// Jest Snapshot v1, https://goo.gl/fbAQLP

exports[`virtual file system: compiles TypeScript files correctly 1`] = `
Array [
  "console.log(\\"Hey\\")",
  "{\\"version\\":3,\\"file\\":\\"foo.js\\",\\"sourceRoot\\":\\"\\",\\"sources\\":[\\"foo.ts\\"],\\"names\\":[],\\"mappings\\":\\";;AAAA,qCAA8B;AAC9B,OAAO,CAAC,GAAG,CAAC,YAAG,CAAC,CAAC,EAAC,CAAC,CAAC,CAAC,CAAA\\"}",
  "\\"use strict\\";
Object.defineProperty(exports, \\"__esModule\\", { value: true });
const bar_ts_1 = require(\\"./bar.ts\\");
console.log(bar_ts_1.sum(1, 2));
//# sourceMappingURL=foo.js.map",
  "export {};
",
  "{\\"version\\":3,\\"file\\":\\"bar.js\\",\\"sourceRoot\\":\\"\\",\\"sources\\":[\\"bar.ts\\"],\\"names\\":[],\\"mappings\\":\\";;AAAA,SAAgB,GAAG,CAAC,CAAS,EAAE,CAAS;IACtC,OAAO,CAAC,GAAG,CAAC,CAAA;AACd,CAAC;AAFD,kBAEC\\"}",
  "\\"use strict\\";
Object.defineProperty(exports, \\"__esModule\\", { value: true });
function sum(a, b) {
    return a + b;
}
exports.sum = sum;
//# sourceMappingURL=bar.js.map",
  "export declare function sum(a: number, b: number): number;
",
]
`;
