// Jest Snapshot v1, https://goo.gl/fbAQLP

exports[`seed: correctly generates seed data 1`] = `
Array [
  Object {
    "id": "f70c6744-c2cb-5a28-b4c6-5aa0680dac0c",
    "name": "tima",
    "price": -376088146896.4864,
  },
  Object {
    "id": "41cae0fd-2b74-5d13-942a-845c2ba00047",
    "name": "bave",
    "price": -107811686055.936,
  },
  Object {
    "id": "b428ac91-ec57-5e13-a34c-a08720199469",
    "name": "sa",
    "price": 37531676993.1264,
  },
  Object {
    "animal": "Dog",
    "birthday": "2019-10-10T18:26:07.269Z",
    "id": 4,
    "name": "ejjitluh",
    "toys": Object {
      "connect": Array [
        Object {
          "id": "f70c6744-c2cb-5a28-b4c6-5aa0680dac0c",
        },
      ],
    },
  },
  Object {
    "animal": "Dog",
    "birthday": "2019-10-10T18:26:07.269Z",
    "id": 5,
    "name": "ju",
    "toys": Object {
      "connect": Array [
        Object {
          "id": "41cae0fd-2b74-5d13-942a-845c2ba00047",
        },
      ],
    },
  },
  Object {
    "animal": "Dog",
    "birthday": "2019-10-10T18:26:07.269Z",
    "id": 6,
    "name": "mok",
    "toys": Object {
      "connect": Array [
        Object {
          "id": "b428ac91-ec57-5e13-a34c-a08720199469",
        },
      ],
    },
  },
  Object {
    "email": "wus",
    "id": "aa8d6667-74b9-5f5b-9884-2fbbfe5f5645",
    "isActive": false,
    "name": "rij",
    "pet": Object {
      "connect": Object {
        "id": 4,
      },
    },
  },
  Object {
    "email": "dul",
    "id": "7e2a361b-a2bd-5a95-bf43-69cd4137dd0b",
    "isActive": false,
    "name": "vaopu",
    "pet": Object {
      "connect": Object {
        "id": 5,
      },
    },
  },
  Object {
    "address": "ofhi",
    "id": "1993f7b9-ff9b-5ed5-ba8f-8eac3312d6be",
    "numberOfRooms": 249546199,
    "residents": Object {
      "connect": Array [
        Object {
          "id": "aa8d6667-74b9-5f5b-9884-2fbbfe5f5645",
        },
      ],
    },
  },
  Object {
    "address": "umso",
    "id": "1fb0e0de-626e-5ce0-ae40-31aaef95d5c3",
    "numberOfRooms": -1800221258,
    "residents": Object {
      "connect": Array [
        Object {
          "id": "7e2a361b-a2bd-5a95-bf43-69cd4137dd0b",
        },
      ],
    },
  },
  Object {
    "address": "ta",
    "id": "fdd67f25-0513-58b7-9cf3-c6a84f5da637",
    "numberOfRooms": -1398585549,
    "residents": Object {
      "connect": Array [],
    },
  },
]
`;

exports[`seed: correctly seeds the data 1`] = `
Array [
  Array [
    Object {
      "address": "fe",
      "id": "75ac0020-e99f-56a0-9f13-04008bee1d8e",
      "numberOfRooms": 243959576,
      "residents": Array [
        Object {
          "email": "fef",
          "id": "5b827dc1-993f-57b9-bf9b-ed51a8f8eac3",
          "isActive": false,
          "name": "pedej",
        },
      ],
    },
    Object {
      "address": "tuc",
      "id": "98694bbd-450f-5ce3-b9f6-86c66f3ee717",
      "numberOfRooms": 48715257,
      "residents": Array [
        Object {
          "email": "leg",
          "id": "1fb0e0de-626e-5ce0-ae40-31aaef95d5c3",
          "isActive": false,
          "name": "umso",
        },
      ],
    },
    Object {
      "address": "bu",
      "id": "357d5b61-7a99-5fa1-8b24-5af2c30e848a",
      "numberOfRooms": -844968178,
      "residents": Array [
        Object {
          "email": "rur",
          "id": "2505138b-78cf-53c6-a84f-5da637df5bc0",
          "isActive": true,
          "name": "liedowa",
        },
      ],
    },
  ],
  Array [
    Object {
      "animal": "Dog",
      "birthday": 2019-10-10T18:26:07.269Z,
      "id": 6,
      "name": "Louis Castro",
      "toys": Array [
        Object {
          "id": "f70c6744-c2cb-5a28-b4c6-5aa0680dac0c",
          "name": "tima",
          "price": -376088146896.4864,
        },
      ],
      "users": Array [
        Object {
          "email": "fef",
          "id": "5b827dc1-993f-57b9-bf9b-ed51a8f8eac3",
          "isActive": false,
          "name": "pedej",
        },
      ],
    },
    Object {
      "animal": "Dog",
      "birthday": 2019-10-10T18:26:07.269Z,
      "id": 7,
      "name": "Jessie Webb",
      "toys": Array [
        Object {
          "id": "41cae0fd-2b74-5d13-942a-845c2ba00047",
          "name": "bave",
          "price": -107811686055.936,
        },
      ],
      "users": Array [
        Object {
          "email": "leg",
          "id": "1fb0e0de-626e-5ce0-ae40-31aaef95d5c3",
          "isActive": false,
          "name": "umso",
        },
      ],
    },
    Object {
      "animal": "Dog",
      "birthday": 2019-10-10T18:26:07.269Z,
      "id": 8,
      "name": "Sue Ford",
      "toys": Array [
        Object {
          "id": "b428ac91-ec57-5e13-a34c-a08720199469",
          "name": "sa",
          "price": 37531676993.1264,
        },
      ],
      "users": Array [
        Object {
          "email": "rur",
          "id": "2505138b-78cf-53c6-a84f-5da637df5bc0",
          "isActive": true,
          "name": "liedowa",
        },
      ],
    },
    Object {
      "animal": "Dog",
      "birthday": 2019-10-10T18:26:07.269Z,
      "id": 9,
      "name": "Theodore Holmes",
      "toys": Array [
        Object {
          "id": "0f816e38-4f0e-543e-ae7c-ba0171deaa8d",
          "name": "woscujduv",
          "price": 630573438389.4528,
        },
      ],
      "users": Array [
        Object {
          "email": "sajopbed",
          "id": "c80333ed-0b09-5399-8dfe-f66898917958",
          "isActive": true,
          "name": "fow",
        },
      ],
    },
    Object {
      "animal": "Dog",
      "birthday": 2019-10-10T18:26:07.269Z,
      "id": 10,
      "name": "Elva Curry",
      "toys": Array [
        Object {
          "id": "2fbbfe5f-5645-5e93-b1b0-68763d7e2a36",
          "name": "biga",
          "price": 712944317261.4144,
        },
      ],
      "users": Array [
        Object {
          "email": "pufwi",
          "id": "6250dc6a-d2fc-56f5-8865-e43b3f5eed40",
          "isActive": true,
          "name": "putitpo",
        },
      ],
    },
  ],
  Array [
    Object {
      "id": "f70c6744-c2cb-5a28-b4c6-5aa0680dac0c",
      "name": "tima",
      "pet": Object {
        "animal": "Dog",
        "birthday": 2019-10-10T18:26:07.269Z,
        "id": 6,
        "name": "Louis Castro",
      },
      "price": -376088146896.4864,
    },
    Object {
      "id": "41cae0fd-2b74-5d13-942a-845c2ba00047",
      "name": "bave",
      "pet": Object {
        "animal": "Dog",
        "birthday": 2019-10-10T18:26:07.269Z,
        "id": 7,
        "name": "Jessie Webb",
      },
      "price": -107811686055.936,
    },
    Object {
      "id": "b428ac91-ec57-5e13-a34c-a08720199469",
      "name": "sa",
      "pet": Object {
        "animal": "Dog",
        "birthday": 2019-10-10T18:26:07.269Z,
        "id": 8,
        "name": "Sue Ford",
      },
      "price": 37531676993.1264,
    },
    Object {
      "id": "0f816e38-4f0e-543e-ae7c-ba0171deaa8d",
      "name": "woscujduv",
      "pet": Object {
        "animal": "Dog",
        "birthday": 2019-10-10T18:26:07.269Z,
        "id": 9,
        "name": "Theodore Holmes",
      },
      "price": 630573438389.4528,
    },
    Object {
      "id": "2fbbfe5f-5645-5e93-b1b0-68763d7e2a36",
      "name": "biga",
      "pet": Object {
        "animal": "Dog",
        "birthday": 2019-10-10T18:26:07.269Z,
        "id": 10,
        "name": "Elva Curry",
      },
      "price": 712944317261.4144,
    },
  ],
  Array [
    Object {
      "email": "fef",
      "house": Object {
        "address": "fe",
        "id": "75ac0020-e99f-56a0-9f13-04008bee1d8e",
        "numberOfRooms": 243959576,
      },
      "id": "5b827dc1-993f-57b9-bf9b-ed51a8f8eac3",
      "isActive": false,
      "name": "pedej",
      "pet": Object {
        "animal": "Dog",
        "birthday": 2019-10-10T18:26:07.269Z,
        "id": 6,
        "name": "Louis Castro",
      },
    },
    Object {
      "email": "leg",
      "house": Object {
        "address": "tuc",
        "id": "98694bbd-450f-5ce3-b9f6-86c66f3ee717",
        "numberOfRooms": 48715257,
      },
      "id": "1fb0e0de-626e-5ce0-ae40-31aaef95d5c3",
      "isActive": false,
      "name": "umso",
      "pet": Object {
        "animal": "Dog",
        "birthday": 2019-10-10T18:26:07.269Z,
        "id": 7,
        "name": "Jessie Webb",
      },
    },
    Object {
      "email": "rur",
      "house": Object {
        "address": "bu",
        "id": "357d5b61-7a99-5fa1-8b24-5af2c30e848a",
        "numberOfRooms": -844968178,
      },
      "id": "2505138b-78cf-53c6-a84f-5da637df5bc0",
      "isActive": true,
      "name": "liedowa",
      "pet": Object {
        "animal": "Dog",
        "birthday": 2019-10-10T18:26:07.269Z,
        "id": 8,
        "name": "Sue Ford",
      },
    },
    Object {
      "email": "sajopbed",
      "house": null,
      "id": "c80333ed-0b09-5399-8dfe-f66898917958",
      "isActive": true,
      "name": "fow",
      "pet": Object {
        "animal": "Dog",
        "birthday": 2019-10-10T18:26:07.269Z,
        "id": 9,
        "name": "Theodore Holmes",
      },
    },
    Object {
      "email": "pufwi",
      "house": null,
      "id": "6250dc6a-d2fc-56f5-8865-e43b3f5eed40",
      "isActive": true,
      "name": "putitpo",
      "pet": Object {
        "animal": "Dog",
        "birthday": 2019-10-10T18:26:07.269Z,
        "id": 10,
        "name": "Elva Curry",
      },
    },
  ],
]
`;
